#
# There is insufficient memory for the Java Runtime Environment to continue.
# Native memory allocation (mmap) failed to map 130023424 bytes for G1 virtual space
# Possible reasons:
#   The system is out of physical RAM or swap space
#   The process is running with CompressedOops enabled, and the Java Heap may be blocking the growth of the native heap
# Possible solutions:
#   Reduce memory load on the system
#   Increase physical memory or swap space
#   Check if swap backing store is full
#   Decrease Java heap size (-Xmx/-Xms)
#   Decrease number of Java threads
#   Decrease Java thread stack sizes (-Xss)
#   Set larger code cache with -XX:ReservedCodeCacheSize=
#   JVM is running with Unscaled Compressed Oops mode in which the Java heap is
#     placed in the first 4GB address space. The Java Heap base address is the
#     maximum limit for the native heap growth. Please use -XX:HeapBaseMinAddress
#     to set the Java Heap base and to place the Java Heap above 4GB virtual address.
# This output file may be truncated or incomplete.
#
#  Out of Memory Error (os_windows.cpp:3548), pid=15356, tid=8344
#
# JRE version:  (17.0.12+8) (build )
# Java VM: Java HotSpot(TM) 64-Bit Server VM (17.0.12+8-LTS-286, mixed mode, sharing, tiered, compressed oops, compressed class ptrs, g1 gc, windows-amd64)
# No core dump will be written. Minidumps are not enabled by default on client versions of Windows
#

---------------  S U M M A R Y ------------

Command Line: org.jetbrains.kotlin.cli.jvm.K2JVMCompiler @C:\flutter\packages\flutter_tools\gradle\build\20260224_14630233446629201224.compiler.options

Host: 11th Gen Intel(R) Core(TM) i5-1155G7 @ 2.50GHz, 8 cores, 7G,  Windows 11 , 64 bit Build 26100 (10.0.26100.7623)
Time: Tue Feb 24 15:05:12 2026 India Standard Time elapsed time: 2.031709 seconds (0d 0h 0m 2s)

---------------  T H R E A D  ---------------

Current thread (0x000002a65b98bed0):  JavaThread "Unknown thread" [_thread_in_vm, id=8344, stack(0x000000bb02e00000,0x000000bb02f00000)]

Stack: [0x000000bb02e00000,0x000000bb02f00000]
Native frames: (J=compiled Java code, j=interpreted, Vv=VM code, C=native code)
V  [jvm.dll+0x67a04a]
V  [jvm.dll+0x7da4ed]
V  [jvm.dll+0x7dbe33]
V  [jvm.dll+0x7dc4a3]
V  [jvm.dll+0x24508f]
V  [jvm.dll+0x677089]
V  [jvm.dll+0x66bd32]
V  [jvm.dll+0x301fa6]
V  [jvm.dll+0x309546]
V  [jvm.dll+0x359d2e]
V  [jvm.dll+0x359f5f]
V  [jvm.dll+0x2d9078]
V  [jvm.dll+0x2d9fe4]
V  [jvm.dll+0x7aca21]
V  [jvm.dll+0x367591]
V  [jvm.dll+0x78b999]
V  [jvm.dll+0x3ec83f]
V  [jvm.dll+0x3ee471]
C  [jli.dll+0x5297]
C  [ucrtbase.dll+0x37b0]
C  [KERNEL32.DLL+0x2e8d7]
C  [ntdll.dll+0x8c53c]


---------------  P R O C E S S  ---------------

Threads class SMR info:
_java_thread_list=0x00007ffa36627a18, length=0, elements={
}

Java Threads: ( => current thread )

Other Threads:
  0x000002a65b9e3870 GCTaskThread "GC Thread#0" [stack: 0x000000bb02f00000,0x000000bb03000000] [id=2668]
  0x000002a65ba12b40 ConcurrentGCThread "G1 Main Marker" [stack: 0x000000bb03000000,0x000000bb03100000] [id=15528]
  0x000002a65ba14110 ConcurrentGCThread "G1 Conc#0" [stack: 0x000000bb03100000,0x000000bb03200000] [id=23296]

[error occurred during error reporting (printing all threads), id 0xc0000005, EXCEPTION_ACCESS_VIOLATION (0xc0000005) at pc=0x00007ffa35e59b67]

VM state: not at safepoint (not fully initialized)

VM Mutex/Monitor currently owned by a thread:  ([mutex/lock_event])
[0x000002a65b989170] Heap_lock - owner thread: 0x000002a65b98bed0

Heap address: 0x0000000085800000, size: 1960 MB, Compressed Oops mode: 32-bit

CDS archive(s) mapped at: [0x0000000000000000-0x0000000000000000-0x0000000000000000), size 0, SharedBaseAddress: 0x0000000800000000, ArchiveRelocationMode: 1.
Narrow klass base: 0x0000000000000000, Narrow klass shift: 0, Narrow klass range: 0x0

GC Precious Log:
<Empty>

Heap:
 garbage-first heap   total 0K, used 0K [0x0000000085800000, 0x0000000100000000)
  region size 1024K, 0 young (0K), 0 survivors (0K)

[error occurred during error reporting (printing heap information), id 0xc0000005, EXCEPTION_ACCESS_VIOLATION (0xc0000005) at pc=0x00007ffa36243859]

GC Heap History (0 events):
No events

Deoptimization events (0 events):
No events

Classes unloaded (0 events):
No events

Classes redefined (0 events):
No events

Internal exceptions (0 events):
No events

VM Operations (0 events):
No events

Events (1 events):
Event: 0.011 Loaded shared library C:\jdk-17.0.12\bin\java.dll


Dynamic libraries:
0x00007ff640ca0000 - 0x00007ff640cb0000 	C:\jdk-17.0.12\bin\java.exe
0x00007ffab0460000 - 0x00007ffab06c7000 	C:\WINDOWS\SYSTEM32\ntdll.dll
0x00007ffa6fdc0000 - 0x00007ffa6fde0000 	C:\Program Files\Avast Software\Avast\aswhook.dll
0x00007ffaaeb00000 - 0x00007ffaaebc9000 	C:\WINDOWS\System32\KERNEL32.DLL
0x00007ffaada60000 - 0x00007ffaade4f000 	C:\WINDOWS\System32\KERNELBASE.dll
0x00007ffaad850000 - 0x00007ffaad99b000 	C:\WINDOWS\System32\ucrtbase.dll
0x00007ffa6c2b0000 - 0x00007ffa6c2c9000 	C:\jdk-17.0.12\bin\jli.dll
0x00007ffa6c290000 - 0x00007ffa6c2ab000 	C:\jdk-17.0.12\bin\VCRUNTIME140.dll
0x00007ffab0320000 - 0x00007ffab03d4000 	C:\WINDOWS\System32\ADVAPI32.dll
0x00007ffaafe50000 - 0x00007ffaafef9000 	C:\WINDOWS\System32\msvcrt.dll
0x00007ffaafda0000 - 0x00007ffaafe46000 	C:\WINDOWS\System32\sechost.dll
0x00007ffaae380000 - 0x00007ffaae498000 	C:\WINDOWS\System32\RPCRT4.dll
0x00007ffaaecc0000 - 0x00007ffaaee85000 	C:\WINDOWS\System32\USER32.dll
0x00007ffaadf10000 - 0x00007ffaadf37000 	C:\WINDOWS\System32\win32u.dll
0x00007ffa87ed0000 - 0x00007ffa88163000 	C:\WINDOWS\WinSxS\amd64_microsoft.windows.common-controls_6595b64144ccf1df_6.0.26100.7309_none_3e05feeae336a044\COMCTL32.dll
0x00007ffab03e0000 - 0x00007ffab040b000 	C:\WINDOWS\System32\GDI32.dll
0x00007ffaad720000 - 0x00007ffaad84c000 	C:\WINDOWS\System32\gdi32full.dll
0x00007ffaadf40000 - 0x00007ffaadfe3000 	C:\WINDOWS\System32\msvcp_win.dll
0x00007ffaa1810000 - 0x00007ffaa181b000 	C:\WINDOWS\SYSTEM32\VERSION.dll
0x00007ffaafbf0000 - 0x00007ffaafc21000 	C:\WINDOWS\System32\IMM32.DLL
0x00007ffa82640000 - 0x00007ffa8264c000 	C:\jdk-17.0.12\bin\vcruntime140_1.dll
0x00007ffa59e00000 - 0x00007ffa59e8e000 	C:\jdk-17.0.12\bin\msvcp140.dll
0x00007ffa35b70000 - 0x00007ffa36750000 	C:\jdk-17.0.12\bin\server\jvm.dll
0x00007ffaae4a0000 - 0x00007ffaae4a8000 	C:\WINDOWS\System32\PSAPI.DLL
0x00007ffaa1ec0000 - 0x00007ffaa1ef5000 	C:\WINDOWS\SYSTEM32\WINMM.dll
0x00007ffa90950000 - 0x00007ffa9095a000 	C:\WINDOWS\SYSTEM32\WSOCK32.dll
0x00007ffaaf0f0000 - 0x00007ffaaf164000 	C:\WINDOWS\System32\WS2_32.dll
0x00007ffaac360000 - 0x00007ffaac37b000 	C:\WINDOWS\SYSTEM32\kernel.appcore.dll
0x00007ffa82580000 - 0x00007ffa8258a000 	C:\jdk-17.0.12\bin\jimage.dll
0x00007ffaaad10000 - 0x00007ffaaaf52000 	C:\WINDOWS\SYSTEM32\DBGHELP.DLL
0x00007ffaaff20000 - 0x00007ffab02a6000 	C:\WINDOWS\System32\combase.dll
0x00007ffaaf360000 - 0x00007ffaaf436000 	C:\WINDOWS\System32\OLEAUT32.dll
0x00007ffa9a4b0000 - 0x00007ffa9a4ec000 	C:\WINDOWS\SYSTEM32\dbgcore.DLL
0x00007ffaade60000 - 0x00007ffaadf05000 	C:\WINDOWS\System32\bcryptPrimitives.dll
0x00007ffa65c10000 - 0x00007ffa65c35000 	C:\jdk-17.0.12\bin\java.dll

dbghelp: loaded successfully - version: 4.0.5 - missing functions: none
symbol engine: initialized successfully - sym options: 0x614 - pdb path: .;C:\jdk-17.0.12\bin;C:\WINDOWS\SYSTEM32;C:\Program Files\Avast Software\Avast;C:\WINDOWS\WinSxS\amd64_microsoft.windows.common-controls_6595b64144ccf1df_6.0.26100.7309_none_3e05feeae336a044;C:\jdk-17.0.12\bin\server

VM Arguments:
java_command: org.jetbrains.kotlin.cli.jvm.K2JVMCompiler @C:\flutter\packages\flutter_tools\gradle\build\20260224_14630233446629201224.compiler.options
java_class_path (initial): C:\Users\my pc\.gradle\caches\modules-2\files-2.1\org.jetbrains.kotlin\kotlin-compiler-embeddable\2.0.21\79346ed53db48b18312a472602eb5c057070c54d\kotlin-compiler-embeddable-2.0.21.jar;C:\Users\my pc\.gradle\caches\modules-2\files-2.1\org.jetbrains.kotlin\kotlin-stdlib\2.0.21\618b539767b4899b4660a83006e052b63f1db551\kotlin-stdlib-2.0.21.jar;C:\Users\my pc\.gradle\caches\modules-2\files-2.1\org.jetbrains.kotlin\kotlin-script-runtime\2.0.21\c9b044380ad41f89aa89aa896c2d32a8c0b2129d\kotlin-script-runtime-2.0.21.jar;C:\Users\my pc\.gradle\caches\modules-2\files-2.1\org.jetbrains.kotlin\kotlin-reflect\1.6.10\1cbe9c92c12a94eea200d23c2bbaedaf3daf5132\kotlin-reflect-1.6.10.jar;C:\Users\my pc\.gradle\caches\modules-2\files-2.1\org.jetbrains.kotlin\kotlin-daemon-embeddable\2.0.21\c9e933b23287de9b5a17e2116b4657bb91aea72c\kotlin-daemon-embeddable-2.0.21.jar;C:\Users\my pc\.gradle\caches\modules-2\files-2.1\org.jetbrains.intellij.deps\trove4j\1.0.20200330\3afb14d5f9ceb459d724e907a21145e8ff394f02\trove4j-1.0.20200330.jar;C:\Users\my pc\.gradle\caches\modules-2\files-2.1\org.jetbrains.kotlinx\kotlinx-coroutines-core-jvm\1.6.4\2c997cd1c0ef33f3e751d3831929aeff1390cb30\kotlinx-coroutines-core-jvm-1.6.4.jar;C:\Users\my pc\.gradle\caches\modules-2\files-2.1\org.jetbrains\annotations\13.0\919f0dfe192fb4e063e7dacadee7f8bb9a2672a9\annotations-13.0.jar
Launcher Type: SUN_STANDARD

[Global flags]
     intx CICompilerCount                          = 4                                         {product} {ergonomic}
     uint ConcGCThreads                            = 2                                         {product} {ergonomic}
     uint G1ConcRefinementThreads                  = 8                                         {product} {ergonomic}
   size_t G1HeapRegionSize                         = 1048576                                   {product} {ergonomic}
    uintx GCDrainStackTargetSize                   = 64                                        {product} {ergonomic}
   size_t InitialHeapSize                          = 130023424                                 {product} {ergonomic}
   size_t MarkStackSize                            = 4194304                                   {product} {ergonomic}
   size_t MaxHeapSize                              = 2055208960                                {product} {ergonomic}
   size_t MinHeapDeltaBytes                        = 1048576                                   {product} {ergonomic}
   size_t MinHeapSize                              = 8388608                                   {product} {ergonomic}
    uintx NonNMethodCodeHeapSize                   = 5839372                                {pd product} {ergonomic}
    uintx NonProfiledCodeHeapSize                  = 122909434                              {pd product} {ergonomic}
    uintx ProfiledCodeHeapSize                     = 122909434                              {pd product} {ergonomic}
    uintx ReservedCodeCacheSize                    = 251658240                              {pd product} {ergonomic}
     bool SegmentedCodeCache                       = true                                      {product} {ergonomic}
   size_t SoftMaxHeapSize                          = 2055208960                             {manageable} {ergonomic}
     bool UseCompressedClassPointers               = true                           {product lp64_product} {ergonomic}
     bool UseCompressedOops                        = true                           {product lp64_product} {ergonomic}
     bool UseG1GC                                  = true                                      {product} {ergonomic}
     bool UseLargePagesIndividualAllocation        = false                                  {pd product} {ergonomic}

Logging:
Log output configuration:
 #0: stdout all=warning uptime,level,tags
 #1: stderr all=off uptime,level,tags

Environment Variables:
JAVA_HOME=C:\jdk-17.0.12
PATH=C:\WINDOWS\system32;C:\WINDOWS;C:\WINDOWS\System32\Wbem;C:\WINDOWS\System32\WindowsPowerShell\v1.0\;C:\WINDOWS\System32\OpenSSH\;C:\Program Files\Git\cmd;C:\Program Files\nodejs\;%ANDROID_HOME%\platform-tools;%ANDROID_HOME%\cmdline-tools\latest\bin;%ANDROID_HOME%\emulator;C:\MinGW\bin;D:\Personal\platform-tools-latest-windows\platform-tools;C:\Users\my pc\AppData\Local\Microsoft\WindowsApps;C:\Users\my pc\AppData\Local\Programs\Microsoft VS Code\bin;C:\flutter\bin;C:\platform-tools;C:\jdk-17.0.12\bin;D:\ffmpeg-2025-05-05-git-f4e72eb5a3-essentials_build\bin;C:\Users\my pc\AppData\Roaming\npm;C:\Users\my pc\AppData\Local\Pub\Cache\bin;C:\Android\Sdk\cmdline-tools\latest\bin;C:\Android\Sdk;C:\Users\my pc\AppData\Local\Google\Cloud SDK\google-cloud-sdk\bin;C:\Users\my pc\AppData\Local\Python\bin;C:\Users\my pc\AppData\Local\Microsoft\WindowsApps\python.exe;C:\Users\my pc\AppData\Local\Python\bin\Scripts;C:\Users\my pc\AppData\Roaming\Python;C:\Users\my pc\AppData\Local\Python\PythonCore-3.14-64\Scripts;D:\dev\flutter\bin;C:\Users\my pc\AppData\Local\Programs\Antigravity\bin;
USERNAME=my pc
OS=Windows_NT
PROCESSOR_IDENTIFIER=Intel64 Family 6 Model 140 Stepping 2, GenuineIntel



---------------  S Y S T E M  ---------------

OS:
 Windows 11 , 64 bit Build 26100 (10.0.26100.7623)
OS uptime: 5 days 18:23 hours

CPU: total 8 (initial active 8) (4 cores per cpu, 2 threads per core) family 6 model 140 stepping 2 microcode 0x3c, cx8, cmov, fxsr, ht, mmx, 3dnowpref, sse, sse2, sse3, ssse3, sse4.1, sse4.2, popcnt, lzcnt, tsc, tscinvbit, avx, avx2, aes, erms, clmul, bmi1, bmi2, adx, avx512f, avx512dq, avx512cd, avx512bw, avx512vl, sha, fma, vzeroupper, avx512_vpopcntdq, avx512_vpclmulqdq, avx512_vaes, avx512_vnni, clflush, clflushopt, clwb, avx512_vbmi2, avx512_vbmi

Memory: 4k page, system-wide physical 7835M (366M free)
TotalPageFile size 31387M (AvailPageFile size 6M)
current process WorkingSet (physical memory assigned to process): 12M, peak: 12M
current process commit charge ("private bytes"): 60M, peak: 184M

vm_info: Java HotSpot(TM) 64-Bit Server VM (17.0.12+8-LTS-286) for windows-amd64 JRE (17.0.12+8-LTS-286), built on Jun  5 2024 06:46:59 by "mach5one" with MS VC++ 17.6 (VS2022)

END.
